Ребро,Вес
A-B,1
A-C,2
B-D,4
Тип,Общий вес
Значение,7.0
